BL51 BANKED LINKER/LOCATER V6.22.2.0                                                    12/21/2022  14:29:03  PAGE 1


BL51 BANKED LINKER/LOCATER V6.22.2.0, INVOKED BY:
C:\KEIL_V5\C51\BIN\BL51.EXE ..\Output\main.obj, ..\Output\sg90.obj, ..\Output\key.obj, ..\Output\STARTUP.obj, ..\Output\
>> stc89cxx.obj TO ..\Output\»úÐµ±Û PRINT (..\Listing\»úÐµ±Û.m51) RAMSIZE (256)


MEMORY MODEL: SMALL


INPUT MODULES INCLUDED:
  ..\Output\main.obj (MAIN)
  ..\Output\sg90.obj (SG90)
  ..\Output\key.obj (KEY)
  ..\Output\STARTUP.obj (?C_STARTUP)
  ..\Output\stc89cxx.obj (STC89CXX)
  C:\KEIL_V5\C51\LIB\C51S.LIB (?C_INIT)
  C:\KEIL_V5\C51\LIB\C51S.LIB (?C?COPY)
  C:\KEIL_V5\C51\LIB\C51S.LIB (?C?LLDIIDATA)


LINK MAP OF MODULE:  ..\Output\»úÐµ±Û (MAIN)


            TYPE    BASE      LENGTH    RELOCATION   SEGMENT NAME
            -----------------------------------------------------

            * * * * * * *   D A T A   M E M O R Y   * * * * * * *
            REG     0000H     0008H     ABSOLUTE     "REG BANK 0"
            DATA    0008H     0008H     UNIT         ?DT?KEY
            DATA    0010H     0008H     UNIT         _DATA_GROUP_
            DATA    0018H     0006H     UNIT         ?DT?SG90
            DATA    001EH     0004H     UNIT         ?DT?_DELAY_10US?STC89CXX
            DATA    0022H     0004H     UNIT         ?DT?_DELAY_1MS?STC89CXX
            IDATA   0026H     0001H     UNIT         ?STACK

            * * * * * * *   C O D E   M E M O R Y   * * * * * * *
            CODE    0000H     0003H     ABSOLUTE     
                    0003H     0008H                  *** GAP ***
            CODE    000BH     0003H     ABSOLUTE     
                    000EH     07F2H                  *** GAP ***
            CODE    0800H     0116H     UNIT         ?C?LIB_CODE
            CODE    0916H     00A4H     UNIT         ?PR?MAIN?MAIN
            CODE    09BAH     008CH     UNIT         ?C_C51STARTUP
            CODE    0A46H     0069H     UNIT         ?PR?PWM?SG90
            CODE    0AAFH     0058H     UNIT         ?PR?KEY_PICK?KEY
            CODE    0B07H     002EH     UNIT         ?PR?KEY_JUDGEMENT?KEY
            CODE    0B35H     0027H     UNIT         ?PR?_DELAY_1MS?STC89CXX
            CODE    0B5CH     001FH     UNIT         ?C_INITSEG
            CODE    0B7BH     001CH     UNIT         ?PR?_PWM_INIT?SG90
            CODE    0B97H     0016H     UNIT         ?PR?_DELAY_10US?STC89CXX
            CODE    0BADH     0005H     UNIT         ?PR?_PWM_SET_DUTY?SG90
            CODE    0BB2H     0004H     UNIT         ?CO?KEY



OVERLAY MAP OF MODULE:   ..\Output\»úÐµ±Û (MAIN)


SEGMENT                            DATA_GROUP 
BL51 BANKED LINKER/LOCATER V6.22.2.0                                                  12/21/2022  14:29:03  PAGE 2


  +--> CALLED SEGMENT            START    LENGTH
------------------------------------------------
?C_C51STARTUP                    -----    -----
  +--> ?PR?MAIN?MAIN
  +--> ?C_INITSEG

?PR?MAIN?MAIN                    0010H    0003H
  +--> ?PR?_PWM_INIT?SG90
  +--> ?PR?KEY_PICK?KEY
  +--> ?PR?KEY_JUDGEMENT?KEY
  +--> ?PR?_PWM_SET_DUTY?SG90

?PR?_PWM_INIT?SG90               0013H    0005H

?PR?KEY_PICK?KEY                 0013H    0004H
  +--> ?CO?KEY



SYMBOL TABLE OF MODULE:  ..\Output\»úÐµ±Û (MAIN)

  VALUE           TYPE          NAME
  ----------------------------------

  -------         MODULE        MAIN
  C:0000H         SYMBOL        _ICE_DUMMY_
  D:0090H         PUBLIC        P1
  D:00A0H         PUBLIC        P2
  D:00B0H         PUBLIC        P3
  D:00A8H         PUBLIC        IE
  D:00B8H         PUBLIC        IP
  C:0916H         PUBLIC        main
  D:0098H         PUBLIC        SCON
  D:0088H         PUBLIC        TCON
  D:00C8H         PUBLIC        T2CON
  D:00D0H         PUBLIC        PSW
  -------         PROC          MAIN
  -------         DO            
  D:0010H         SYMBOL        key
  D:0011H         SYMBOL        duty1
  D:0012H         SYMBOL        duty2
  -------         ENDDO         
  C:0916H         LINE#         5
  C:0916H         LINE#         7
  C:0919H         LINE#         8
  C:091BH         LINE#         9
  C:091DH         LINE#         12
  C:092CH         LINE#         14
  C:092CH         LINE#         17
  C:092FH         LINE#         20
  C:0934H         LINE#         21
  C:0939H         LINE#         22
  C:094BH         LINE#         23
  C:094FH         LINE#         25
  C:094FH         LINE#         26
  C:094FH         LINE#         27
  C:0951H         LINE#         28
BL51 BANKED LINKER/LOCATER V6.22.2.0                                                  12/21/2022  14:29:03  PAGE 3


  C:0957H         LINE#         29
  C:0969H         LINE#         30
  C:096DH         LINE#         32
  C:096DH         LINE#         33
  C:096DH         LINE#         34
  C:096FH         LINE#         35
  C:0975H         LINE#         36
  C:0987H         LINE#         37
  C:098BH         LINE#         39
  C:0992H         LINE#         40
  C:0992H         LINE#         41
  C:0994H         LINE#         42
  C:099AH         LINE#         43
  C:09ACH         LINE#         44
  C:09B0H         LINE#         46
  C:09B7H         LINE#         47
  C:09B7H         LINE#         48
  C:09B7H         LINE#         49
  -------         ENDPROC       MAIN
  -------         ENDMOD        MAIN

  -------         MODULE        SG90
  C:0000H         SYMBOL        _ICE_DUMMY_
  D:0019H         PUBLIC        gtim_l
  D:0090H         PUBLIC        P1
  D:00A0H         PUBLIC        P2
  D:00B0H         PUBLIC        P3
  B:00A8H.7       PUBLIC        EA
  D:00A8H         PUBLIC        IE
  D:00B8H         PUBLIC        IP
  D:001AH         PUBLIC        gtim_scale
  B:00A0H.1       PUBLIC        PWM1
  B:00A0H.2       PUBLIC        PWM2
  C:0BADH         PUBLIC        _pwm_set_duty
  D:0098H         PUBLIC        SCON
  D:0089H         PUBLIC        TMOD
  D:0088H         PUBLIC        TCON
  B:00A8H.1       PUBLIC        ET0
  D:008CH         PUBLIC        TH0
  D:008AH         PUBLIC        TL0
  C:0A46H         PUBLIC        pwm
  B:0088H.4       PUBLIC        TR0
  D:001BH         PUBLIC        gduty1
  D:001CH         PUBLIC        gduty2
  D:00C8H         PUBLIC        T2CON
  C:0B7BH         PUBLIC        _pwm_init
  D:00D0H         PUBLIC        PSW
  D:001DH         PUBLIC        gtim_h
  -------         PROC          _PWM_INIT
  D:0007H         SYMBOL        tim_h
  D:0005H         SYMBOL        tim_l
  D:0003H         SYMBOL        tim_scale
  D:0016H         SYMBOL        duty1
  D:0017H         SYMBOL        duty2
  C:0B7BH         LINE#         12
  C:0B7BH         LINE#         15
  C:0B7DH         LINE#         16
BL51 BANKED LINKER/LOCATER V6.22.2.0                                                  12/21/2022  14:29:03  PAGE 4


  C:0B7FH         LINE#         17
  C:0B81H         LINE#         18
  C:0B84H         LINE#         19
  C:0B87H         LINE#         22
  C:0B8AH         LINE#         25
  C:0B8DH         LINE#         26
  C:0B90H         LINE#         29
  C:0B92H         LINE#         32
  C:0B94H         LINE#         35
  C:0B96H         LINE#         36
  -------         ENDPROC       _PWM_INIT
  -------         PROC          _PWM_SET_DUTY
  D:0007H         SYMBOL        duty1
  D:0005H         SYMBOL        duty2
  C:0BADH         LINE#         39
  C:0BADH         LINE#         40
  C:0BAFH         LINE#         41
  C:0BB1H         LINE#         42
  -------         ENDPROC       _PWM_SET_DUTY
  -------         PROC          PWM
  -------         DO            
  D:0018H         SYMBOL        time
  -------         ENDDO         
  C:0A46H         LINE#         45
  C:0A57H         LINE#         49
  C:0A5AH         LINE#         50
  C:0A5DH         LINE#         52
  C:0A5FH         LINE#         54
  C:0A69H         LINE#         56
  C:0A84H         LINE#         57
  C:0A86H         LINE#         59
  C:0A9EH         LINE#         60
  C:0AA0H         LINE#         61
  -------         ENDPROC       PWM
  -------         ENDMOD        SG90

  -------         MODULE        KEY
  C:0000H         SYMBOL        _ICE_DUMMY_
  D:0090H         PUBLIC        P1
  D:00B0H         PUBLIC        P3
  D:00A8H         PUBLIC        IE
  D:00B8H         PUBLIC        IP
  B:00B0H.2       PUBLIC        KEY1
  B:00B0H.3       PUBLIC        KEY2
  B:00B0H.4       PUBLIC        KEY3
  B:00B0H.5       PUBLIC        KEY4
  D:0008H         PUBLIC        KeyBac
  D:0098H         PUBLIC        SCON
  D:0088H         PUBLIC        TCON
  C:0BB2H         SYMBOL        _?ix1000
  D:000CH         PUBLIC        KeySta
  C:0AAFH         PUBLIC        key_pick
  C:0B07H         PUBLIC        key_Judgement
  D:00C8H         PUBLIC        T2CON
  D:00D0H         PUBLIC        PSW
  -------         PROC          KEY_JUDGEMENT
  -------         DO            
BL51 BANKED LINKER/LOCATER V6.22.2.0                                                  12/21/2022  14:29:03  PAGE 5


  D:0007H         SYMBOL        i
  D:0006H         SYMBOL        key
  -------         ENDDO         
  C:0B07H         LINE#         7
  C:0B07H         LINE#         8
  C:0B09H         LINE#         9
  C:0B0AH         LINE#         11
  C:0B14H         LINE#         12
  C:0B23H         LINE#         13
  C:0B26H         LINE#         14
  C:0B29H         LINE#         15
  C:0B29H         LINE#         16
  C:0B2FH         LINE#         17
  C:0B2FH         LINE#         18
  C:0B32H         LINE#         19
  C:0B34H         LINE#         20
  -------         ENDPROC       KEY_JUDGEMENT
  -------         PROC          KEY_PICK
  -------         DO            
  D:0013H         SYMBOL        KeyBuf
  D:0007H         SYMBOL        i
  -------         ENDDO         
  C:0AAFH         LINE#         23
  C:0AAFH         LINE#         24
  C:0AC2H         LINE#         25
  C:0AC4H         LINE#         27
  C:0AC9H         LINE#         28
  C:0ACFH         LINE#         29
  C:0AD5H         LINE#         30
  C:0ADBH         LINE#         32
  C:0AE5H         LINE#         33
  C:0AF7H         LINE#         34
  C:0B03H         LINE#         35
  C:0B06H         LINE#         36
  -------         ENDPROC       KEY_PICK
  -------         ENDMOD        KEY

  -------         MODULE        ?C_STARTUP
  C:09BAH         SEGMENT       ?C_C51STARTUP
  I:0026H         SEGMENT       ?STACK
  C:0000H         PUBLIC        ?C_STARTUP
  D:00E0H         SYMBOL        ACC
  D:00F0H         SYMBOL        B
  D:0083H         SYMBOL        DPH
  D:0082H         SYMBOL        DPL
  N:0000H         SYMBOL        IBPSTACK
  N:0100H         SYMBOL        IBPSTACKTOP
  N:0080H         SYMBOL        IDATALEN
  C:09BDH         SYMBOL        IDATALOOP
  N:0000H         SYMBOL        PBPSTACK
  N:0100H         SYMBOL        PBPSTACKTOP
  N:0000H         SYMBOL        PDATALEN
  N:0000H         SYMBOL        PDATASTART
  N:0000H         SYMBOL        PPAGE
  N:0000H         SYMBOL        PPAGEENABLE
  D:00A0H         SYMBOL        PPAGE_SFR
  D:0081H         SYMBOL        SP
BL51 BANKED LINKER/LOCATER V6.22.2.0                                                  12/21/2022  14:29:03  PAGE 6


  C:09BAH         SYMBOL        STARTUP1
  N:0000H         SYMBOL        XBPSTACK
  N:0000H         SYMBOL        XBPSTACKTOP
  N:0000H         SYMBOL        XDATALEN
  N:0000H         SYMBOL        XDATASTART
  C:0000H         LINE#         126
  C:09BAH         LINE#         133
  C:09BCH         LINE#         134
  C:09BDH         LINE#         135
  C:09BEH         LINE#         136
  C:09C0H         LINE#         185
  C:09C3H         LINE#         196
  -------         ENDMOD        ?C_STARTUP

  -------         MODULE        STC89CXX
  C:0000H         SYMBOL        _ICE_DUMMY_
  D:0090H         PUBLIC        P1
  D:00B0H         PUBLIC        P3
  C:0B35H         PUBLIC        _delay_1ms
  D:00A8H         PUBLIC        IE
  D:00B8H         PUBLIC        IP
  D:0098H         PUBLIC        SCON
  D:0088H         PUBLIC        TCON
  C:0B97H         PUBLIC        _delay_10us
  D:00C8H         PUBLIC        T2CON
  D:00D0H         PUBLIC        PSW
  -------         PROC          _DELAY_10US
  D:001EH         SYMBOL        z
  C:0B97H         LINE#         4
  C:0B9FH         LINE#         6
  C:0BACH         LINE#         7
  -------         ENDPROC       _DELAY_10US
  -------         PROC          _DELAY_1MS
  D:0022H         SYMBOL        z
  -------         DO            
  D:0003H         SYMBOL        i
  -------         ENDDO         
  C:0B35H         LINE#         10
  C:0B3DH         LINE#         12
  C:0B3FH         LINE#         13
  C:0B4CH         LINE#         14
  C:0B5BH         LINE#         15
  C:0B5BH         LINE#         16
  -------         ENDPROC       _DELAY_1MS
  -------         ENDMOD        STC89CXX

  -------         MODULE        ?C?COPY
  C:08D0H         PUBLIC        ?C?COPY
  -------         ENDMOD        ?C?COPY

  -------         MODULE        ?C?LLDIIDATA
  C:08FFH         PUBLIC        ?C?LLDIIDATA
  C:08F6H         PUBLIC        ?C?LLDIIDATA1
  C:08F8H         PUBLIC        ?C?LLDIIDATA8
  -------         ENDMOD        ?C?LLDIIDATA

*** WARNING L16: UNCALLED SEGMENT, IGNORED FOR OVERLAY PROCESS
BL51 BANKED LINKER/LOCATER V6.22.2.0                                                  12/21/2022  14:29:03  PAGE 7


    SEGMENT: ?PR?_DELAY_10US?STC89CXX

*** WARNING L16: UNCALLED SEGMENT, IGNORED FOR OVERLAY PROCESS
    SEGMENT: ?PR?_DELAY_1MS?STC89CXX

******************************************************************************
* RESTRICTED VERSION WITH 0800H BYTE CODE SIZE LIMIT; USED: 0225H BYTE (26%) *
******************************************************************************

Program Size: data=39.0 xdata=0 code=956
LINK/LOCATE RUN COMPLETE.  2 WARNING(S),  0 ERROR(S)
