<html>
<body>
<pre>
<h1>礦ision Build Log</h1>
<h2>Tool Versions:</h2>
IDE-Version: μVision V5.14.0.0
Copyright (C) 2015 ARM Ltd and ARM Germany GmbH. All rights reserved.
License Information:  ,  , LIC=S5IVE-5WUMN-MSFYP-MBT77-NC0L9-UZJGN
 
Tool Versions:
Toolchain:       MDK-ARM Professional  Version: 5.14.0.0
Toolchain Path:  C:\App\keil5MDK\ARM\ARMCC\Bin
C Compiler:      Armcc.exe V5.05 update 1 (build 106)
Assembler:       Armasm.exe V5.05 update 1 (build 106)
Linker/Locator:  ArmLink.exe V5.05 update 1 (build 106)
Library Manager: ArmAr.exe V5.05 update 1 (build 106)
Hex Converter:   FromElf.exe V5.05 update 1 (build 106)
CPU DLL:         SARMCM3.DLL V5.14.0.0
Dialog DLL:      DCM.DLL V1.13.1.0
Target DLL:      Segger\JL2CM3.dll V2.99.13.0
Dialog DLL:      TCM.DLL V1.14.4.0
 
<h2>Project:</h2>
C:\Project\Keil5\STM32F103\23.ADC模数转化多通道DMA读取\Project\、ADC模数转化多通道DMA读取.uvprojx
Project File Date:  01/27/2023

<h2>Output:</h2>
Build target 'YH-F103'
compiling main.c...
linking...
Program Size: Code=6744 RO-data=336 RW-data=24 ZI-data=1064  
FromELF: creating hex file...
"..\Output\、ADC模数转化多通道DMA读取.axf" - 0 Error(s), 0 Warning(s).

<h2>Collection of Component include folders:</h2>
  C:\Project\Keil5\STM32F103\23.ADC模数转化多通道DMA读取\Project\RTE
  C:\App\keil5MDK\Pack\Keil\STM32F1xx_DFP\1.1.0\Device\Include

<h2>Collection of Component Files used:</h2>
</pre>
</body>
</html>
